1.  Изучил.

2.  Hardlink это ссылка на тот же самый файл и имеет тот же inode то права будут однинаковые.
  
3.  vagrant@vagrant:~$ lsblk
  
    NAME                      MAJ:MIN RM  SIZE RO TYPE MOUNTPOINT
    
    loop0                       7:0    0 55.4M  1 loop /snap/core18/2128
    
    loop1                       7:1    0 70.3M  1 loop /snap/lxd/21029
    
    loop2                       7:2    0 32.3M  1 loop /snap/snapd/12704
    
    loop3                       7:3    0 55.5M  1 loop /snap/core18/2284
    
    loop4                       7:4    0 43.4M  1 loop /snap/snapd/14549
    
    loop5                       7:5    0 61.9M  1 loop /snap/core20/1328
    
    loop6                       7:6    0 67.2M  1 loop /snap/lxd/21835
    
    sda                         8:0    0   64G  0 disk
    
    ├─sda1                      8:1    0    1M  0 part
    
    ├─sda2                      8:2    0    1G  0 part /boot
    
    └─sda3                      8:3    0   63G  0 part
    
      └─ubuntu--vg-ubuntu--lv 253:0    0 31.5G  0 lvm  /
      
    sdb                         8:16   0  2.5G  0 disk
    
    sdc                         8:32   0  2.5G  0 disk
    
    
4.  Device     Boot   Start     End Sectors  Size Id Type
  
    /dev/sdb1          2048 4196351 4194304    2G 83 Linux
    
    /dev/sdb2       4196352 5242879 1046528  511M 83 Linux
    
    
5.  vagrant@vagrant:~$ sudo sfdisk -d /dev/sdb | sudo sfdisk --force /dev/sdc

    Checking that no-one is using this disk right now ... OK

6.  vagrant@vagrant:~$ mdadm --create --verbose /dev/md1 -l 1 -n 2 /dev/sd{b1,c1}

    mdadm: Note: this array has metadata at the start and
    
    may not be suitable as a boot device.  If you plan to
    
    store '/boot' on this device please ensure that
    
    your boot-loader understands md/v1.x metadata, or use
    
    --metadata=0.90
    
    mdadm: size set to 2094080K
    
    Continue creating array? y
    
    mdadm: Defaulting to version 1.2 metadata
    
    mdadm: array /dev/md1 started.
    
    vagrant@vagrant:~$ 

7.  vagrant@vagrant:~$ mdadm --create --verbose /dev/md0 -l 1 -n 2 /dev/sd{b2,c2}

    mdadm: Note: this array has metadata at the start and
    
    may not be suitable as a boot device.  If you plan to
    
    store '/boot' on this device please ensure that
    
    your boot-loader understands md/v1.x metadata, or use
    
    --metadata=0.90
    
    mdadm: size set to 522240K
    
    Continue creating array? y
    
    mdadm: Defaulting to version 1.2 metadata
    
    mdadm: array /dev/md0 started.
    
    vagrant@vagrant:~$
    
8.  vagrant@vagrant:~$ sudo pvcreate /dev/md1 /dev/md0

      Physical volume "/dev/md1" successfully created.
      
      Physical volume "/dev/md0" successfully created.
      
    vagrant@vagrant:~$
    
 9. vagrant@vagrant:~$ sudo vgcreate vg /dev/md1 /dev/md0
 
      Volume group "vg" successfully created
    
    vagrant@vagrant:~$ sudo vgdisplay
      --- Volume group ---
      
      VG Name               ubuntu-vg
      
      System ID
      
      Format                lvm2
      
      Metadata Areas        1
      
      Metadata Sequence No  2
      
      VG Access             read/write
      
      VG Status             resizable
      
      MAX LV                0
      
      Cur LV                1
      
      Open LV               1
      
      Max PV                0
      
      Cur PV                1
      
      Act PV                1
      
      VG Size               <63.00 GiB
      
      PE Size               4.00 MiB
      
      Total PE              16127
      
      Alloc PE / Size       8064 / 31.50 GiB
      
      Free  PE / Size       8063 / <31.50 GiB
      
      VG UUID               aK7Bd1-JPle-i0h7-5jJa-M60v-WwMk-PFByJ7

      --- Volume group ---
      VG Name               vg
      
      System ID
      
      Format                lvm2
      
      Metadata Areas        2
      
      Metadata Sequence No  1
      
      VG Access             read/write
      
      VG Status             resizable
      
      MAX LV                0
      
      Cur LV                0
      
      Open LV               0
      
      Max PV                0
      
      Cur PV                2
      
      Act PV                2
      
      VG Size               2.49 GiB
      
      PE Size               4.00 MiB
      
      Total PE              638
      
      Alloc PE / Size       0 / 0
      
      Free  PE / Size       638 / 2.49 GiB
      
      VG UUID               MGzcZH-UTXC-EWnB-MsGn-3O4f-q1bo-9y58fg

    vagrant@vagrant:~$
    
10. vagrant@vagrant:~$ sudo lvcreate -L 100M vg /dev/md0

      Logical volume "lvol0" created.
      
    vagrant@vagrant:~$ sudo vgs
    
      VG        #PV #LV #SN Attr   VSize   VFree
      
      ubuntu-vg   1   1   0 wz--n- <63.00g <31.50g
      
      vg          2   1   0 wz--n-   2.49g   2.39g
      
    vagrant@vagrant:~$ sudo lvs
    
      LV        VG        Attr       LSize   Pool Origin Data%  Meta%  Move Log Cpy%Sync Convert
      
      ubuntu-lv ubuntu-vg -wi-ao----  31.50g
      
      lvol0     vg        -wi-a----- 100.00m
      
    vagrant@vagrant:~$
    
11. vagrant@vagrant:~$ sudo mkfs.ext4 /dev/vg/lvol0

      mke2fs 1.45.5 (07-Jan-2020)
      
      Creating filesystem with 25600 4k blocks and 25600 inodes

      Allocating group tables: done
      
      Writing inode tables: done
      
      Creating journal (1024 blocks): done
      
      Writing superblocks and filesystem accounting information: done
      
12. vagrant@vagrant:~$ mkdir /tmp/new

    vagrant@vagrant:~$sudo mount /dev/vg/lvol0 /tmp/new
    
13. vagrant@vagrant:~$ sudo wget https://mirror.yandex.ru/ubuntu/ls-lR.gz -O /tmp/new/test.gz

    --2022-02-10 06:36:31--  https://mirror.yandex.ru/ubuntu/ls-lR.gz

    Resolving mirror.yandex.ru (mirror.yandex.ru)... 213.180.204.183, 2a02:6b8::183

    Connecting to mirror.yandex.ru (mirror.yandex.ru)|213.180.204.183|:443... connected.

    HTTP request sent, awaiting response... 200 OK

    Length: 22300017 (21M) [application/octet-stream]

    Saving to: ‘/tmp/new/test.gz’

    /tmp/new/test.gz              100%[=================================================>]  21.27M  2.56MB/s    in 9.0s

    2022-02-10 06:36:40 (2.36 MB/s) - ‘/tmp/new/test.gz’ saved [22300017/22300017]

    vagrant@vagrant:~$ ll /tmp/new
    
    total 21804

    drwxr-xr-x  3 root root     4096 Feb 10 06:36 ./

    drwxrwxrwt 12 root root     4096 Feb 10 06:34 ../

    drwx------  2 root root    16384 Feb 10 06:32 lost+found/

    -rw-r--r--  1 root root 22300017 Feb 10 02:09 test.gz

    vagrant@vagrant:~$
    
14. vagrant@vagrant:~$ lsblk

    NAME                      MAJ:MIN RM  SIZE RO TYPE  MOUNTPOINT
    
    loop0                       7:0    0 55.4M  1 loop  /snap/core18/2128
    
    loop1                       7:1    0 70.3M  1 loop  /snap/lxd/21029
    
    loop2                       7:2    0 32.3M  1 loop  /snap/snapd/12704
    
    loop3                       7:3    0 55.5M  1 loop  /snap/core18/2284
    
    loop4                       7:4    0 43.4M  1 loop  /snap/snapd/14549
    
    loop5                       7:5    0 61.9M  1 loop  /snap/core20/1328
    
    loop6                       7:6    0 67.2M  1 loop  /snap/lxd/21835
    
    sda                         8:0    0   64G  0 disk
    
    ├─sda1                      8:1    0    1M  0 part
    
    ├─sda2                      8:2    0    1G  0 part  /boot
    
    └─sda3                      8:3    0   63G  0 part
    
      └─ubuntu--vg-ubuntu--lv 253:0    0 31.5G  0 lvm   /
      
    sdb                         8:16   0  2.5G  0 disk
    
    ├─sdb1                      8:17   0    2G  0 part
    
    │ └─md1                     9:1    0    2G  0 raid1
    
    └─sdb2                      8:18   0  511M  0 part
    
      └─md0                     9:0    0  510M  0 raid1
      
        └─vg-lvol0            253:1    0  100M  0 lvm   /tmp/new
        
    sdc                         8:32   0  2.5G  0 disk
    
    ├─sdc1                      8:33   0    2G  0 part
    
    │ └─md1                     9:1    0    2G  0 raid1
    
    └─sdc2                      8:34   0  511M  0 part
    
      └─md0                     9:0    0  510M  0 raid1
      
        └─vg-lvol0            253:1    0  100M  0 lvm   /tmp/new
